Python 3.9.6 (tags/v3.9.6:db3ff76, Jun 28 2021, 15:26:21) [MSC v.1929 64 bit (AMD64)] on win32
Type "help", "copyright", "credits" or "license()" for more information.
>>> from bs4 import BeautifulSoup
>>> import urllib.request
>>> result = []
>>> for page in range(1,58)
SyntaxError: invalid syntax
>>> for page in range(1,58):
	Hollys_url = 'https://www.hollys.co.kr/store/korea/korStore.do?pageNo=%d&sido=&gugun=&store='%page
	print(Hollys_url)
	html = urllib.request.urlopen(Hollys_url)
	soupHollys = BeautifulSoup(html, 'html.parser')
	tag_tbody = soupHollys.find('tbody')
	for store in tag_tbody.find_all('tr'):
		if len(store) <= 3:
			break
		store_td = store.find_all('td')
		store_name = store_td[1].string

https://www.hollys.co.kr/store/korea/korStore.do?pageNo=1&sido=&gugun=&store=
https://www.hollys.co.kr/store/korea/korStore.do?pageNo=2&sido=&gugun=&store=
https://www.hollys.co.kr/store/korea/korStore.do?pageNo=3&sido=&gugun=&store=
https://www.hollys.co.kr/store/korea/korStore.do?pageNo=4&sido=&gugun=&store=
https://www.hollys.co.kr/store/korea/korStore.do?pageNo=5&sido=&gugun=&store=
https://www.hollys.co.kr/store/korea/korStore.do?pageNo=6&sido=&gugun=&store=
https://www.hollys.co.kr/store/korea/korStore.do?pageNo=7&sido=&gugun=&store=
https://www.hollys.co.kr/store/korea/korStore.do?pageNo=8&sido=&gugun=&store=
https://www.hollys.co.kr/store/korea/korStore.do?pageNo=9&sido=&gugun=&store=
https://www.hollys.co.kr/store/korea/korStore.do?pageNo=10&sido=&gugun=&store=
https://www.hollys.co.kr/store/korea/korStore.do?pageNo=11&sido=&gugun=&store=
https://www.hollys.co.kr/store/korea/korStore.do?pageNo=12&sido=&gugun=&store=
https://www.hollys.co.kr/store/korea/korStore.do?pageNo=13&sido=&gugun=&store=
https://www.hollys.co.kr/store/korea/korStore.do?pageNo=14&sido=&gugun=&store=
https://www.hollys.co.kr/store/korea/korStore.do?pageNo=15&sido=&gugun=&store=
https://www.hollys.co.kr/store/korea/korStore.do?pageNo=16&sido=&gugun=&store=
https://www.hollys.co.kr/store/korea/korStore.do?pageNo=17&sido=&gugun=&store=
https://www.hollys.co.kr/store/korea/korStore.do?pageNo=18&sido=&gugun=&store=
https://www.hollys.co.kr/store/korea/korStore.do?pageNo=19&sido=&gugun=&store=
https://www.hollys.co.kr/store/korea/korStore.do?pageNo=20&sido=&gugun=&store=
https://www.hollys.co.kr/store/korea/korStore.do?pageNo=21&sido=&gugun=&store=
https://www.hollys.co.kr/store/korea/korStore.do?pageNo=22&sido=&gugun=&store=
https://www.hollys.co.kr/store/korea/korStore.do?pageNo=23&sido=&gugun=&store=
https://www.hollys.co.kr/store/korea/korStore.do?pageNo=24&sido=&gugun=&store=
https://www.hollys.co.kr/store/korea/korStore.do?pageNo=25&sido=&gugun=&store=
https://www.hollys.co.kr/store/korea/korStore.do?pageNo=26&sido=&gugun=&store=
https://www.hollys.co.kr/store/korea/korStore.do?pageNo=27&sido=&gugun=&store=
https://www.hollys.co.kr/store/korea/korStore.do?pageNo=28&sido=&gugun=&store=
https://www.hollys.co.kr/store/korea/korStore.do?pageNo=29&sido=&gugun=&store=
https://www.hollys.co.kr/store/korea/korStore.do?pageNo=30&sido=&gugun=&store=
https://www.hollys.co.kr/store/korea/korStore.do?pageNo=31&sido=&gugun=&store=
https://www.hollys.co.kr/store/korea/korStore.do?pageNo=32&sido=&gugun=&store=
https://www.hollys.co.kr/store/korea/korStore.do?pageNo=33&sido=&gugun=&store=
https://www.hollys.co.kr/store/korea/korStore.do?pageNo=34&sido=&gugun=&store=
https://www.hollys.co.kr/store/korea/korStore.do?pageNo=35&sido=&gugun=&store=
https://www.hollys.co.kr/store/korea/korStore.do?pageNo=36&sido=&gugun=&store=
https://www.hollys.co.kr/store/korea/korStore.do?pageNo=37&sido=&gugun=&store=
https://www.hollys.co.kr/store/korea/korStore.do?pageNo=38&sido=&gugun=&store=
https://www.hollys.co.kr/store/korea/korStore.do?pageNo=39&sido=&gugun=&store=
https://www.hollys.co.kr/store/korea/korStore.do?pageNo=40&sido=&gugun=&store=
https://www.hollys.co.kr/store/korea/korStore.do?pageNo=41&sido=&gugun=&store=
https://www.hollys.co.kr/store/korea/korStore.do?pageNo=42&sido=&gugun=&store=
https://www.hollys.co.kr/store/korea/korStore.do?pageNo=43&sido=&gugun=&store=
https://www.hollys.co.kr/store/korea/korStore.do?pageNo=44&sido=&gugun=&store=
https://www.hollys.co.kr/store/korea/korStore.do?pageNo=45&sido=&gugun=&store=
https://www.hollys.co.kr/store/korea/korStore.do?pageNo=46&sido=&gugun=&store=
https://www.hollys.co.kr/store/korea/korStore.do?pageNo=47&sido=&gugun=&store=
https://www.hollys.co.kr/store/korea/korStore.do?pageNo=48&sido=&gugun=&store=
https://www.hollys.co.kr/store/korea/korStore.do?pageNo=49&sido=&gugun=&store=
https://www.hollys.co.kr/store/korea/korStore.do?pageNo=50&sido=&gugun=&store=
https://www.hollys.co.kr/store/korea/korStore.do?pageNo=51&sido=&gugun=&store=
https://www.hollys.co.kr/store/korea/korStore.do?pageNo=52&sido=&gugun=&store=
https://www.hollys.co.kr/store/korea/korStore.do?pageNo=53&sido=&gugun=&store=
https://www.hollys.co.kr/store/korea/korStore.do?pageNo=54&sido=&gugun=&store=
https://www.hollys.co.kr/store/korea/korStore.do?pageNo=55&sido=&gugun=&store=
https://www.hollys.co.kr/store/korea/korStore.do?pageNo=56&sido=&gugun=&store=
https://www.hollys.co.kr/store/korea/korStore.do?pageNo=57&sido=&gugun=&store=
>>> for page in range(1,58):
	Hollys_url = 'https://www.hollys.co.kr/store/korea/korStore.do?pageNo=%d&sido=&gugun=&store='%page
	print(Hollys_url)
	html = urllib.request.urlopen(Hollys_url)
	soupHollys = BeautifulSoup(html, 'html.parser')
	tag_tbody = soupHollys.find('tbody')
	for store in tag_tbody.find_all('tr'):
		if len(store) <= 3:
			break
		store_td = store.find_all('td')
		store_name = store_td[1].string
		store_sido = store_td[0].string
		store_address = store_td[3].string
		
https://www.hollys.co.kr/store/korea/korStore.do?pageNo=1&sido=&gugun=&store=
https://www.hollys.co.kr/store/korea/korStore.do?pageNo=2&sido=&gugun=&store=
https://www.hollys.co.kr/store/korea/korStore.do?pageNo=3&sido=&gugun=&store=
https://www.hollys.co.kr/store/korea/korStore.do?pageNo=4&sido=&gugun=&store=
https://www.hollys.co.kr/store/korea/korStore.do?pageNo=5&sido=&gugun=&store=
https://www.hollys.co.kr/store/korea/korStore.do?pageNo=6&sido=&gugun=&store=
https://www.hollys.co.kr/store/korea/korStore.do?pageNo=7&sido=&gugun=&store=
https://www.hollys.co.kr/store/korea/korStore.do?pageNo=8&sido=&gugun=&store=
https://www.hollys.co.kr/store/korea/korStore.do?pageNo=9&sido=&gugun=&store=
https://www.hollys.co.kr/store/korea/korStore.do?pageNo=10&sido=&gugun=&store=
https://www.hollys.co.kr/store/korea/korStore.do?pageNo=11&sido=&gugun=&store=
https://www.hollys.co.kr/store/korea/korStore.do?pageNo=12&sido=&gugun=&store=
https://www.hollys.co.kr/store/korea/korStore.do?pageNo=13&sido=&gugun=&store=
https://www.hollys.co.kr/store/korea/korStore.do?pageNo=14&sido=&gugun=&store=
https://www.hollys.co.kr/store/korea/korStore.do?pageNo=15&sido=&gugun=&store=
https://www.hollys.co.kr/store/korea/korStore.do?pageNo=16&sido=&gugun=&store=
https://www.hollys.co.kr/store/korea/korStore.do?pageNo=17&sido=&gugun=&store=
https://www.hollys.co.kr/store/korea/korStore.do?pageNo=18&sido=&gugun=&store=
https://www.hollys.co.kr/store/korea/korStore.do?pageNo=19&sido=&gugun=&store=
https://www.hollys.co.kr/store/korea/korStore.do?pageNo=20&sido=&gugun=&store=
https://www.hollys.co.kr/store/korea/korStore.do?pageNo=21&sido=&gugun=&store=
https://www.hollys.co.kr/store/korea/korStore.do?pageNo=22&sido=&gugun=&store=
https://www.hollys.co.kr/store/korea/korStore.do?pageNo=23&sido=&gugun=&store=
https://www.hollys.co.kr/store/korea/korStore.do?pageNo=24&sido=&gugun=&store=
https://www.hollys.co.kr/store/korea/korStore.do?pageNo=25&sido=&gugun=&store=
https://www.hollys.co.kr/store/korea/korStore.do?pageNo=26&sido=&gugun=&store=
https://www.hollys.co.kr/store/korea/korStore.do?pageNo=27&sido=&gugun=&store=
https://www.hollys.co.kr/store/korea/korStore.do?pageNo=28&sido=&gugun=&store=
https://www.hollys.co.kr/store/korea/korStore.do?pageNo=29&sido=&gugun=&store=
https://www.hollys.co.kr/store/korea/korStore.do?pageNo=30&sido=&gugun=&store=
https://www.hollys.co.kr/store/korea/korStore.do?pageNo=31&sido=&gugun=&store=
https://www.hollys.co.kr/store/korea/korStore.do?pageNo=32&sido=&gugun=&store=
https://www.hollys.co.kr/store/korea/korStore.do?pageNo=33&sido=&gugun=&store=
https://www.hollys.co.kr/store/korea/korStore.do?pageNo=34&sido=&gugun=&store=
https://www.hollys.co.kr/store/korea/korStore.do?pageNo=35&sido=&gugun=&store=
https://www.hollys.co.kr/store/korea/korStore.do?pageNo=36&sido=&gugun=&store=
https://www.hollys.co.kr/store/korea/korStore.do?pageNo=37&sido=&gugun=&store=
https://www.hollys.co.kr/store/korea/korStore.do?pageNo=38&sido=&gugun=&store=
https://www.hollys.co.kr/store/korea/korStore.do?pageNo=39&sido=&gugun=&store=
https://www.hollys.co.kr/store/korea/korStore.do?pageNo=40&sido=&gugun=&store=
https://www.hollys.co.kr/store/korea/korStore.do?pageNo=41&sido=&gugun=&store=
https://www.hollys.co.kr/store/korea/korStore.do?pageNo=42&sido=&gugun=&store=
https://www.hollys.co.kr/store/korea/korStore.do?pageNo=43&sido=&gugun=&store=
https://www.hollys.co.kr/store/korea/korStore.do?pageNo=44&sido=&gugun=&store=
https://www.hollys.co.kr/store/korea/korStore.do?pageNo=45&sido=&gugun=&store=
https://www.hollys.co.kr/store/korea/korStore.do?pageNo=46&sido=&gugun=&store=
https://www.hollys.co.kr/store/korea/korStore.do?pageNo=47&sido=&gugun=&store=
https://www.hollys.co.kr/store/korea/korStore.do?pageNo=48&sido=&gugun=&store=
https://www.hollys.co.kr/store/korea/korStore.do?pageNo=49&sido=&gugun=&store=
https://www.hollys.co.kr/store/korea/korStore.do?pageNo=50&sido=&gugun=&store=
https://www.hollys.co.kr/store/korea/korStore.do?pageNo=51&sido=&gugun=&store=
https://www.hollys.co.kr/store/korea/korStore.do?pageNo=52&sido=&gugun=&store=
https://www.hollys.co.kr/store/korea/korStore.do?pageNo=53&sido=&gugun=&store=
https://www.hollys.co.kr/store/korea/korStore.do?pageNo=54&sido=&gugun=&store=
https://www.hollys.co.kr/store/korea/korStore.do?pageNo=55&sido=&gugun=&store=
https://www.hollys.co.kr/store/korea/korStore.do?pageNo=56&sido=&gugun=&store=
https://www.hollys.co.kr/store/korea/korStore.do?pageNo=57&sido=&gugun=&store=
>>> for page in range(1,58):
	Hollys_url = 'https://www.hollys.co.kr/store/korea/korStore.do?pageNo=%d&sido=&gugun=&store='%page
	print(Hollys_url)
	html = urllib.request.urlopen(Hollys_url)
	soupHollys = BeautifulSoup(html, 'html.parser')
	tag_tbody = soupHollys.find('tbody')
	for store in tag_tbody.find_all('tr'):
		if len(store) <= 3:
			break
		store_td = store.find_all('td')
		store_name = store_td[1].string
		store_sido = store_td[0].string
		store_address = store_td[3].string
		store_phone = store_td[5].string
		result.append([store_name]+[store_sido]+[store_address]+[store_phone])

		
https://www.hollys.co.kr/store/korea/korStore.do?pageNo=1&sido=&gugun=&store=
https://www.hollys.co.kr/store/korea/korStore.do?pageNo=2&sido=&gugun=&store=
https://www.hollys.co.kr/store/korea/korStore.do?pageNo=3&sido=&gugun=&store=
https://www.hollys.co.kr/store/korea/korStore.do?pageNo=4&sido=&gugun=&store=
https://www.hollys.co.kr/store/korea/korStore.do?pageNo=5&sido=&gugun=&store=
https://www.hollys.co.kr/store/korea/korStore.do?pageNo=6&sido=&gugun=&store=
https://www.hollys.co.kr/store/korea/korStore.do?pageNo=7&sido=&gugun=&store=
https://www.hollys.co.kr/store/korea/korStore.do?pageNo=8&sido=&gugun=&store=
https://www.hollys.co.kr/store/korea/korStore.do?pageNo=9&sido=&gugun=&store=
https://www.hollys.co.kr/store/korea/korStore.do?pageNo=10&sido=&gugun=&store=
https://www.hollys.co.kr/store/korea/korStore.do?pageNo=11&sido=&gugun=&store=
https://www.hollys.co.kr/store/korea/korStore.do?pageNo=12&sido=&gugun=&store=
https://www.hollys.co.kr/store/korea/korStore.do?pageNo=13&sido=&gugun=&store=
https://www.hollys.co.kr/store/korea/korStore.do?pageNo=14&sido=&gugun=&store=
https://www.hollys.co.kr/store/korea/korStore.do?pageNo=15&sido=&gugun=&store=
https://www.hollys.co.kr/store/korea/korStore.do?pageNo=16&sido=&gugun=&store=
https://www.hollys.co.kr/store/korea/korStore.do?pageNo=17&sido=&gugun=&store=
https://www.hollys.co.kr/store/korea/korStore.do?pageNo=18&sido=&gugun=&store=
https://www.hollys.co.kr/store/korea/korStore.do?pageNo=19&sido=&gugun=&store=
https://www.hollys.co.kr/store/korea/korStore.do?pageNo=20&sido=&gugun=&store=
https://www.hollys.co.kr/store/korea/korStore.do?pageNo=21&sido=&gugun=&store=
https://www.hollys.co.kr/store/korea/korStore.do?pageNo=22&sido=&gugun=&store=
https://www.hollys.co.kr/store/korea/korStore.do?pageNo=23&sido=&gugun=&store=
https://www.hollys.co.kr/store/korea/korStore.do?pageNo=24&sido=&gugun=&store=
https://www.hollys.co.kr/store/korea/korStore.do?pageNo=25&sido=&gugun=&store=
https://www.hollys.co.kr/store/korea/korStore.do?pageNo=26&sido=&gugun=&store=
https://www.hollys.co.kr/store/korea/korStore.do?pageNo=27&sido=&gugun=&store=
https://www.hollys.co.kr/store/korea/korStore.do?pageNo=28&sido=&gugun=&store=
https://www.hollys.co.kr/store/korea/korStore.do?pageNo=29&sido=&gugun=&store=
https://www.hollys.co.kr/store/korea/korStore.do?pageNo=30&sido=&gugun=&store=
https://www.hollys.co.kr/store/korea/korStore.do?pageNo=31&sido=&gugun=&store=
https://www.hollys.co.kr/store/korea/korStore.do?pageNo=32&sido=&gugun=&store=
https://www.hollys.co.kr/store/korea/korStore.do?pageNo=33&sido=&gugun=&store=
https://www.hollys.co.kr/store/korea/korStore.do?pageNo=34&sido=&gugun=&store=
https://www.hollys.co.kr/store/korea/korStore.do?pageNo=35&sido=&gugun=&store=
https://www.hollys.co.kr/store/korea/korStore.do?pageNo=36&sido=&gugun=&store=
https://www.hollys.co.kr/store/korea/korStore.do?pageNo=37&sido=&gugun=&store=
https://www.hollys.co.kr/store/korea/korStore.do?pageNo=38&sido=&gugun=&store=
https://www.hollys.co.kr/store/korea/korStore.do?pageNo=39&sido=&gugun=&store=
https://www.hollys.co.kr/store/korea/korStore.do?pageNo=40&sido=&gugun=&store=
https://www.hollys.co.kr/store/korea/korStore.do?pageNo=41&sido=&gugun=&store=
https://www.hollys.co.kr/store/korea/korStore.do?pageNo=42&sido=&gugun=&store=
https://www.hollys.co.kr/store/korea/korStore.do?pageNo=43&sido=&gugun=&store=
https://www.hollys.co.kr/store/korea/korStore.do?pageNo=44&sido=&gugun=&store=
https://www.hollys.co.kr/store/korea/korStore.do?pageNo=45&sido=&gugun=&store=
https://www.hollys.co.kr/store/korea/korStore.do?pageNo=46&sido=&gugun=&store=
https://www.hollys.co.kr/store/korea/korStore.do?pageNo=47&sido=&gugun=&store=
https://www.hollys.co.kr/store/korea/korStore.do?pageNo=48&sido=&gugun=&store=
https://www.hollys.co.kr/store/korea/korStore.do?pageNo=49&sido=&gugun=&store=
https://www.hollys.co.kr/store/korea/korStore.do?pageNo=50&sido=&gugun=&store=
https://www.hollys.co.kr/store/korea/korStore.do?pageNo=51&sido=&gugun=&store=
https://www.hollys.co.kr/store/korea/korStore.do?pageNo=52&sido=&gugun=&store=
https://www.hollys.co.kr/store/korea/korStore.do?pageNo=53&sido=&gugun=&store=
https://www.hollys.co.kr/store/korea/korStore.do?pageNo=54&sido=&gugun=&store=
https://www.hollys.co.kr/store/korea/korStore.do?pageNo=55&sido=&gugun=&store=
https://www.hollys.co.kr/store/korea/korStore.do?pageNo=56&sido=&gugun=&store=
https://www.hollys.co.kr/store/korea/korStore.do?pageNo=57&sido=&gugun=&store=
>>> len(result)
566
>>> result[0]
['성남터미널점', '경기 성남시 분당구', '경기도 성남시 분당구 성남대로925번길 16, 성남종합버스터미널 1층', '031-725-1004']
>>> result[559]
['광화문점', '서울 중구', '서울시 중구 세종대로21길 55 ', '02-738-8004']
>>> result[558]
['목포하당점', '전남 목포시', '전라남도 목포시 비파로51번길 37(상동) ', '061-283-9800']
>>> result[560]
['교통회관점', '서울 송파구', '서울시 송파구 올림픽로 319 교통회관 1층', '02-3431-1120']
>>> store_td
[<td class="noline center_t">경기 성남시 수정구</td>, <td class="center_t"><a href="#" onclick="javascript:storeView(11); return false;">성남점</a></td>, <td class="center_t tdp0">영업중</td>, <td class="center_t"><a href="#" onclick="javascript:storeView(11); return false;">경기도 성남시 수정구 수정로 175, 동일빌딩1층</a></td>, <td class="center_t">
<img alt="흡연시설" src="https://www.hollys.co.kr/websrc/images/store/img_store_s04.gif" style="margin-right:1px"/>
</td>, <td class="center_t">031-721-6369</td>]
>>> 